// Jest Snapshot v1, https://goo.gl/fbAQLP

exports[`matches snapshot 1`] = `
<DocumentFragment>
  <div
    class="AddStockForm container-fluid text-left"
  >
    <div
      class="overlay"
    />
    <div
      class="form-container"
    >
      <div
        class="form-column"
      >
        <h3
          class="mb-3"
        >
          Create a new list
        </h3>
        <div
          class="AddListForm"
        >
          <form>
            <div
              class="form-group"
            >
              <input
                class="form-control"
                name="title"
                placeholder="New list title"
                type="text"
                value=""
              />
            </div>
            <button
              class="btn btn-primary"
              type="submit"
            >
              Add
            </button>
          </form>
        </div>
        <p
          class="mt-4"
        >
          Add stock to a list below
        </p>
        <button
          class="btn btn-outline-primary"
        >
          Add to "Tech Stocks"
        </button>
      </div>
    </div>
  </div>
</DocumentFragment>
`;
