// Jest Snapshot v1, https://goo.gl/fbAQLP

exports[`matches snapshot 1`] = `
<DocumentFragment>
  <div
    class="List col-md-4 col-lg-4 mb-4"
  >
    <div
      class="list-box"
    >
      <h3
        class="mb-4"
      />
      <div
        class="ListItem px-5"
      >
        <a
          class="text-left col-md-5"
          href="/AAPL"
        >
          <h4
            class="mb-0"
          >
            AAPL
          </h4>
          <p>
            Apple Inc
          </p>
        </a>
        <div
          class="text-right col-md-5"
        >
          <h4
            class="mb-0"
          >
            $112.00
          </h4>
          <p
            class="percent-change down"
          >
            -1.31%
          </p>
        </div>
        <button
          class="btn remove"
        >
          <i
            class="fas fa-times"
          />
        </button>
      </div>
      <button
        class="btn btn-primary btn-sm mt-3"
      >
        Delete List
      </button>
    </div>
  </div>
</DocumentFragment>
`;
